0 -> IN (ascii: 73 78)
1 -> TA (ascii: 84 65)
2 -> ON (ascii: 79 78)
3 -> SE (ascii: 83 69)
4 -> EN (ascii: 69 78)
5 -> IA (ascii: 73 65)
6 -> HI (ascii: 72 73)
7 -> SU (ascii: 83 85)
8 -> BA (ascii: 66 65)
9 -> AR (ascii: 65 82)
10 -> AL (ascii: 65 76)
11 -> SI (ascii: 83 73)
12 -> IS (ascii: 73 83)
13 -> IE (ascii: 73 69)
14 -> TE (ascii: 84 69)
15 -> DO (ascii: 68 79)
16 -> UR (ascii: 85 82)
17 -> CA (ascii: 67 65)
18 -> JE (ascii: 74 69)
19 -> UL (ascii: 85 76)
20 -> SO (ascii: 83 79)
21 -> YE (ascii: 89 69)
22 -> OL (ascii: 79 76)
23 -> ET (ascii: 69 84)
24 -> WA (ascii: 87 65)
25 -> GI (ascii: 71 73)
26 -> ER (ascii: 69 82)
27 -> KI (ascii: 75 73)
28 -> OR (ascii: 79 82)
29 -> TR (ascii: 84 82)
30 -> JI (ascii: 74 73)
31 -> US (ascii: 85 83)
32 -> TT (ascii: 84 84)
33 -> RU (ascii: 82 85)
34 -> ZA (ascii: 90 65)
35 -> NN (ascii: 78 78)
36 -> HU (ascii: 72 85)
37 -> KE (ascii: 75 69)
38 -> BI (ascii: 66 73)
39 -> YN (ascii: 89 78)
40 -> PH (ascii: 80 72)
41 -> CE (ascii: 67 69)
42 -> ES (ascii: 69 83)
43 -> MU (ascii: 77 85)
44 -> IL (ascii: 73 76)
45 -> AS (ascii: 65 83)
46 -> SS (ascii: 83 83)
47 -> DU (ascii: 68 85)
48 -> JU (ascii: 74 85)
49 -> FA (ascii: 70 65)
50 -> BO (ascii: 66 79)
51 -> HO (ascii: 72 79)
52 -> DR (ascii: 68 82)
53 -> ED (ascii: 69 68)
54 -> FE (ascii: 70 69)
55 -> KO (ascii: 75 79)
56 -> NO (ascii: 78 79)
57 -> RR (ascii: 82 82)
58 -> AB (ascii: 65 66)
59 -> AH (ascii: 65 72)
60 -> AI (ascii: 65 73)
61 -> PI (ascii: 80 73)
62 -> YL (ascii: 89 76)
63 -> IT (ascii: 73 84)
64 -> GU (ascii: 71 85)
65 -> EE (ascii: 69 69)
66 -> OS (ascii: 79 83)
67 -> NT (ascii: 78 84)
68 -> .  (ascii: 46 32)
69 -> AD (ascii: 65 68)
70 -> FI (ascii: 70 73)
71 -> PE (ascii: 80 69)
72 -> ID (ascii: 73 68)
73 -> GO (ascii: 71 79)
74 -> IR (ascii: 73 82)
75 -> RD (ascii: 82 68)
76 -> CK (ascii: 67 75)
77 ->  M (ascii: 32 77)
78 -> AT (ascii: 65 84)
79 -> TY (ascii: 84 89)
80 -> RY (ascii: 82 89)
81 -> LY (ascii: 76 89)
82 -> ST (ascii: 83 84)
83 -> CI (ascii: 67 73)
84 -> CH (ascii: 67 72)
85 -> WE (ascii: 87 69)
86 -> GA (ascii: 71 65)
87 -> KU (ascii: 75 85)
88 -> BR (ascii: 66 82)
89 -> WI (ascii: 87 73)
90 -> BE (ascii: 66 69)
91 -> YO (ascii: 89 79)
92 -> GE (ascii: 71 69)
93 -> LL (ascii: 76 76)
94 -> AM (ascii: 65 77)
95 -> ND (ascii: 78 68)
96 -> LO (ascii: 76 79)
97 -> TO (ascii: 84 79)
98 -> TI (ascii: 84 73)
99 -> VE (ascii: 86 69)
100 -> EL (ascii: 69 76)
101 -> MO (ascii: 77 79)
102 -> UN (ascii: 85 78)
103 -> DI (ascii: 68 73)
104 -> RO (ascii: 82 79)
105 -> SH (ascii: 83 72)
106 -> HE (ascii: 72 69)
107 -> DE (ascii: 68 69)
108 -> PA (ascii: 80 65)
109 -> JO (ascii: 74 79)
110 -> VI (ascii: 86 73)
111 -> LI (ascii: 76 73)
112 -> MI (ascii: 77 73)
113 -> VA (ascii: 86 65)
114 -> NG (ascii: 78 71)
115 -> NE (ascii: 78 69)
116 -> RI (ascii: 82 73)
117 -> ME (ascii: 77 69)
118 -> YA (ascii: 89 65)
119 -> TH (ascii: 84 72)
120 -> NI (ascii: 78 73)
121 -> RE (ascii: 82 69)
122 -> JA (ascii: 74 65)
123 -> LE (ascii: 76 69)
124 -> HA (ascii: 72 65)
125 -> KA (ascii: 75 65)
126 -> SA (ascii: 83 65)
127 -> MA (ascii: 77 65)
128 -> DA (ascii: 68 65)
129 -> AN (ascii: 65 78)
130 -> RA (ascii: 82 65)
131 -> LA (ascii: 76 65)
132 -> NA (ascii: 78 65)
133 -> MAR (ascii: 77 65 82)
134 -> SHA (ascii: 83 72 65)
135 -> CHA (ascii: 67 72 65)
136 -> MAN (ascii: 77 65 78)
137 -> CHE (ascii: 67 72 69)
138 -> ANN (ascii: 65 78 78)
139 -> HAN (ascii: 72 65 78)
140 -> THA (ascii: 84 72 65)
141 -> CHI (ascii: 67 72 73)
142 -> LIN (ascii: 76 73 78)
143 -> RIS (ascii: 82 73 83)
144 -> MIN (ascii: 77 73 78)
145 -> HAR (ascii: 72 65 82)
146 -> SAN (ascii: 83 65 78)
147 -> SHI (ascii: 83 72 73)
148 -> LYN (ascii: 76 89 78)
149 -> YAN (ascii: 89 65 78)
150 -> KAR (ascii: 75 65 82)
151 -> SHE (ascii: 83 72 69)
152 -> ANA (ascii: 65 78 65)
153 -> DER (ascii: 68 69 82)
154 -> ELL (ascii: 69 76 76)
155 -> BER (ascii: 66 69 82)
156 -> AMA (ascii: 65 77 65)
157 -> THE (ascii: 84 72 69)
158 -> LAN (ascii: 76 65 78)
159 -> REN (ascii: 82 69 78)
160 -> VIN (ascii: 86 73 78)
161 -> RIA (ascii: 82 73 65)
162 -> RAJ (ascii: 82 65 74)
163 -> WIL (ascii: 87 73 76)
164 -> RAM (ascii: 82 65 77)
165 -> JAN (ascii: 74 65 78)
166 -> SAR (ascii: 83 65 82)
167 -> STA (ascii: 83 84 65)
168 -> AND (ascii: 65 78 68)
169 -> KAN (ascii: 75 65 78)
170 -> RAN (ascii: 82 65 78)
171 -> LOR (ascii: 76 79 82)
172 -> LIS (ascii: 76 73 83)
173 -> LEY (ascii: 76 69 89)
174 -> CIA (ascii: 67 73 65)
175 -> PRA (ascii: 80 82 65)
176 -> MAL (ascii: 77 65 76)
177 -> TON (ascii: 84 79 78)
178 -> MIR (ascii: 77 73 82)
179 -> RAS (ascii: 82 65 83)
180 -> SAD (ascii: 83 65 68)
181 -> DEE (ascii: 68 69 69)
182 -> ELI (ascii: 69 76 73)
183 -> DAN (ascii: 68 65 78)
184 -> BEN (ascii: 66 69 78)
185 -> HEN (ascii: 72 69 78)
186 -> LEN (ascii: 76 69 78)
187 -> MON (ascii: 77 79 78)
188 -> PAR (ascii: 80 65 82)
189 -> NAT (ascii: 78 65 84)
190 -> LIA (ascii: 76 73 65)
191 -> NDE (ascii: 78 68 69)
192 -> BRI (ascii: 66 82 73)
193 -> VAN (ascii: 86 65 78)
194 -> DIN (ascii: 68 73 78)
195 -> TIN (ascii: 84 73 78)
196 -> ROS (ascii: 82 79 83)
197 -> DHA (ascii: 68 72 65)
198 -> NEE (ascii: 78 69 69)
199 -> LLE (ascii: 76 76 69)
200 -> WEI (ascii: 87 69 73)
201 -> GEN (ascii: 71 69 78)
202 -> RIN (ascii: 82 73 78)
203 -> NIC (ascii: 78 73 67)
204 -> MEE (ascii: 77 69 69)
205 -> STE (ascii: 83 84 69)
206 -> MAI (ascii: 77 65 73)
207 -> NEL (ascii: 78 69 76)
208 -> MIL (ascii: 77 73 76)
209 -> LLA (ascii: 76 76 65)
210 -> RIC (ascii: 82 73 67)
211 -> GAN (ascii: 71 65 78)
212 -> SHO (ascii: 83 72 79)
213 -> DAR (ascii: 68 65 82)
214 -> NG- (ascii: 78 71 45)
215 -> UNG (ascii: 85 78 71)
216 -> NDRA (ascii: 78 68 82 65)
217 -> JOSE (ascii: 74 79 83 69)
218 -> KUMAR (ascii: 75 85 77 65 82)
219 -> YOUNG (ascii: 89 79 85 78 71)
220 -> CHRIS (ascii: 67 72 82 73 83)
221 -> VENKAT (ascii: 86 69 78 75 65 84)
222 ->  (ascii:)
223 -> A (ascii: 65)
224 -> S (ascii: 83)
225 -> N (ascii: 78)
226 -> R (ascii: 82)
227 -> M (ascii: 77)
228 -> L (ascii: 76)
229 -> E (ascii: 69)
230 -> I (ascii: 73)
231 -> T (ascii: 84)
232 -> D (ascii: 68)
233 -> H (ascii: 72)
234 -> Y (ascii: 89)
235 -> K (ascii: 75)
236 -> O (ascii: 79)
237 -> U (ascii: 85)
238 -> C (ascii: 67)
239 -> J (ascii: 74)
240 -> B (ascii: 66)
241 -> G (ascii: 71)
242 -> P (ascii: 80)
243 -> V (ascii: 86)
244 ->   (ascii: 32)
245 -> W (ascii: 87)
246 -> F (ascii: 70)
247 -> Z (ascii: 90)
248 -> - (ascii: 45)
249 -> Q (ascii: 81)
250 -> . (ascii: 46)
251 -> X (ascii: 88)
252 -> ( (ascii: 40)
253 -> ) (ascii: 41)
254 -> ' (ascii: 39)
